// Jest Snapshot v1, https://goo.gl/fbAQLP

exports[`Reder ShowAllBtn correctly 1`] = `
<button
  className="main-menu__button button"
  onClick={[Function]}
>
  Показать все
</button>
`;
